// Jest Snapshot v1, https://goo.gl/fbAQLP

exports[`RallyV1CoinFactory factory bytecode 1`] = `"0x608060405234801561001057600080fd5b50600436106100725760003560e01c8063890357301161005057806389035730146100d75780638da5cb5b14610102578063f2fde38b1461010a57610072565b806344ce2a69146100775780634a485eca146100b0578063715018a6146100cd575b600080fd5b6100946004803603602081101561008d57600080fd5b5035610130565b604080516001600160a01b039092168252519081900360200190f35b610094600480360360208110156100c657600080fd5b503561014b565b6100d5610255565b005b6100df610313565b604080516001600160a01b03909316835260208301919091528051918290030190f35b610094610328565b6100d56004803603602081101561012057600080fd5b50356001600160a01b0316610337565b6003602052600090815260409020546001600160a01b031681565b600061015561044b565b6001600160a01b0316610166610328565b6001600160a01b0316146101c1576040805162461bcd60e51b815260206004820181905260248201527f4f776e61626c653a2063616c6c6572206973206e6f7420746865206f776e6572604482015290519081900360640190fd5b6000828152600360205260409020546001600160a01b0316156101e357600080fd5b6101ed308361044f565b60008381526003602090815260409182902080546001600160a01b0319166001600160a01b03851690811790915582518681529251939450927f0d0ba129746d90db3c128dee5d9dfe3fae4cdf05a5a8e3caa9a685eba32230199281900390910190a2919050565b61025d61044b565b6001600160a01b031661026e610328565b6001600160a01b0316146102c9576040805162461bcd60e51b815260206004820181905260248201527f4f776e61626c653a2063616c6c6572206973206e6f7420746865206f776e6572604482015290519081900360640190fd5b600080546040516001600160a01b03909116907f8be0079c531659141344cd1fd0a4f28419497f9722a3daafe3b4186f6b6457e0908390a3600080546001600160a01b0319169055565b6001546002546001600160a01b039091169082565b6000546001600160a01b031690565b61033f61044b565b6001600160a01b0316610350610328565b6001600160a01b0316146103ab576040805162461bcd60e51b815260206004820181905260248201527f4f776e61626c653a2063616c6c6572206973206e6f7420746865206f776e6572604482015290519081900360640190fd5b6001600160a01b0381166103f05760405162461bcd60e51b81526004018080602001828103825260268152602001806106806026913960400191505060405180910390fd5b600080546040516001600160a01b03808516939216917f8be0079c531659141344cd1fd0a4f28419497f9722a3daafe3b4186f6b6457e091a3600080546001600160a01b0319166001600160a01b0392909216919091179055565b3390565b6040805180820182526001600160a01b0384168082526020918201849052600180546001600160a01b0319169091179055600283905581518082018490528251808203830181529083019283905280519101206000916104ae906104eb565b8190604051809103906000f59050801580156104ce573d6000803e3d6000fd5b50600180546001600160a01b031916905560006002559392505050565b610187806104f98339019056fe60c060405234801561001057600080fd5b50336001600160a01b031663890357306040518163ffffffff1660e01b8152600401604080518083038186803b15801561004957600080fd5b505afa15801561005d573d6000803e3d6000fd5b505050506040513d604081101561007357600080fd5b50805160209091015160a0526001600160601b031960609190911b1660805260805160601c60a05160d36100b46000398060a45250806080525060d36000f3fe6080604052348015600f57600080fd5b506004361060325760003560e01c8063c45a0155146037578063d39e758f146066575b600080fd5b603d607e565b6040805173ffffffffffffffffffffffffffffffffffffffff9092168252519081900360200190f35b606c60a2565b60408051918252519081900360200190f35b7f000000000000000000000000000000000000000000000000000000000000000081565b7f00000000000000000000000000000000000000000000000000000000000000008156fea164736f6c6343000706000a4f776e61626c653a206e6577206f776e657220697320746865207a65726f2061646472657373a164736f6c6343000706000a"`;
